{
  "baseline": {
    "sample-evidence.json": "7e075254adda2f825269299fa7b5414591b9edd620ba58a3b4bab40b2e562c1c"
  }
}