{"schemaVersion":2,"clientHelloTemplate":{"alpn":["h2","http/1.1"],"extOrderSha256":"deadbeef"}}
